// Jest Snapshot v1, https://goo.gl/fbAQLP

exports[`Index should render the index with data 1`] = `
Array [
  <header>
    <nav
      aria-label="main navigation"
      className="navbar is-fixed-top"
      role="navigation"
    >
      <div
        className="navbar-brand"
      >
        <a
          className="navbar-item"
          href="/"
        >
          Dukaat
        </a>
      </div>
    </nav>
  </header>,
  <h1>
    Hello there!! 
    <span
      aria-label="hand wave"
      role="img"
    >
      👋
    </span>
  </h1>,
  <h3>
    Users:
  </h3>,
  <p />,
  <ol>
    <li>
      &lt;mock-value-for-field-"name"&gt;
    </li>
  </ol>,
]
`;
